// Vitest Snapshot v1, https://vitest.dev/guide/snapshot.html

exports[`Alert Block tests > Render alert snapshot test 1`] = `
<div>
  <figure
    class="mt-2 p-2 mt-2 px-4 flex bg-opacity-50 shadow-sm rounded-lg mt-2 bg-green-100 text-green-800"
  >
    <figcaption
      class="text-center"
    >
      test
    </figcaption>
  </figure>
</div>
`;
