// Vitest Snapshot v1, https://vitest.dev/guide/snapshot.html

exports[`Image block tests > Should parse image block 1`] = `
<div>
  <section
    class="grid mt-2"
  >
    <img
      alt=""
      class="rounded justify-self-center dark:dark:opacity-75"
      data-nimg="1"
      decoding="async"
      height="500"
      loading="lazy"
      src="/_next/image?url=http%3A%2F%2Ftest.test.png&w=1080&q=75"
      srcset="/_next/image?url=http%3A%2F%2Ftest.test.png&w=640&q=75 1x, /_next/image?url=http%3A%2F%2Ftest.test.png&w=1080&q=75 2x"
      style="color: transparent;"
      width="500"
    />
  </section>
</div>
`;
